2026-03-02 09:36:01,852 INFO:main.py:240:print_splash_screen:PDB2PQR v3.6.1: biomolecular structure conversion software.
2026-03-02 09:36:01,852 INFO:main.py:242:print_splash_screen:Please cite:  Jurrus E, et al.  Improvements to the APBS biomolecular solvation software suite.  Protein Sci 27 112-128 (2018).
2026-03-02 09:36:01,852 INFO:main.py:242:print_splash_screen:Please cite:  Dolinsky TJ, et al.  PDB2PQR: expanding and upgrading automated preparation of biomolecular structures for molecular simulations. Nucleic Acids Res 35 W522-W525 (2007).
2026-03-02 09:36:01,852 INFO:main.py:759:main_driver:Checking and transforming input arguments.
2026-03-02 09:36:01,852 INFO:main.py:763:main_driver:Loading topology files.
2026-03-02 09:36:01,880 INFO:main.py:765:main_driver:Loading molecule: mutants/mut_129HIS_132GLY/receptor.pdb
2026-03-02 09:36:01,892 INFO:main.py:770:main_driver:Setting up molecule.
2026-03-02 09:36:01,914 INFO:main.py:408:setup_molecule:Created biomolecule object with 741 residues and 5642 atoms.
2026-03-02 09:36:01,915 INFO:main.py:774:main_driver:Setting termini states for biomolecule chains.
2026-03-02 09:36:01,923 WARNING:biomolecule.py:615:update_bonds:Gap in backbone detected between VAL C 132 and ALA C 134!
2026-03-02 09:36:01,923 WARNING:biomolecule.py:615:update_bonds:Gap in backbone detected between VAL D 132 and ALA D 134!
2026-03-02 09:36:01,924 WARNING:biomolecule.py:615:update_bonds:Gap in backbone detected between VAL E 132 and ALA E 134!
2026-03-02 09:36:01,924 WARNING:biomolecule.py:615:update_bonds:Gap in backbone detected between VAL F 132 and ALA F 134!
2026-03-02 09:36:01,925 WARNING:biomolecule.py:615:update_bonds:Gap in backbone detected between VAL A 132 and ALA A 134!
2026-03-02 09:36:01,925 INFO:main.py:604:non_trivial:Loading forcefield.
2026-03-02 09:36:01,929 INFO:main.py:608:non_trivial:Loading hydrogen topology definitions.
2026-03-02 09:36:01,932 WARNING:biomolecule.py:157:num_missing_heavy:Missing atom OXT in residue TYR B 188
2026-03-02 09:36:01,933 WARNING:biomolecule.py:157:num_missing_heavy:Missing atom OXT in residue TYR B 188
2026-03-02 09:36:01,933 INFO:main.py:618:non_trivial:Attempting to repair 1 missing atoms in biomolecule.
2026-03-02 09:36:01,935 WARNING:biomolecule.py:157:num_missing_heavy:Missing atom OXT in residue TYR B 188
2026-03-02 09:36:01,936 INFO:biomolecule.py:1077:repair_heavy:Added atom OXT to residue TYR B 188 at coordinates 3.616, 9.851, 5.849
2026-03-02 09:36:01,936 INFO:main.py:623:non_trivial:Updating disulfide bridges.
2026-03-02 09:36:01,936 INFO:main.py:626:non_trivial:Debumping biomolecule.
2026-03-02 09:36:02,015 INFO:main.py:649:non_trivial:Adding hydrogens to biomolecule.
2026-03-02 09:36:02,294 INFO:main.py:652:non_trivial:Debumping biomolecule (again).
2026-03-02 09:36:02,686 INFO:main.py:654:non_trivial:Optimizing hydrogen bonds
2026-03-02 09:36:03,500 INFO:main.py:666:non_trivial:Applying force field to biomolecule states.
2026-03-02 09:36:03,505 INFO:main.py:713:non_trivial:Regenerating headers.
2026-03-02 09:36:03,506 INFO:main.py:738:non_trivial:Regenerating PDB lines.
2026-03-02 09:36:03,539 WARNING:main.py:311:print_pqr:Ignoring 792 header lines in output.
2026-03-02 09:36:03,539 WARNING:main.py:315:print_pqr:Ignoring 1 missing lines in output.
