2025-04-30 15:03:00,922 INFO:main.py:240:print_splash_screen:PDB2PQR v3.6.1: biomolecular structure conversion software.
2025-04-30 15:03:00,922 INFO:main.py:242:print_splash_screen:Please cite:  Jurrus E, et al.  Improvements to the APBS biomolecular solvation software suite.  Protein Sci 27 112-128 (2018).
2025-04-30 15:03:00,922 INFO:main.py:242:print_splash_screen:Please cite:  Dolinsky TJ, et al.  PDB2PQR: expanding and upgrading automated preparation of biomolecular structures for molecular simulations. Nucleic Acids Res 35 W522-W525 (2007).
2025-04-30 15:03:00,922 INFO:main.py:759:main_driver:Checking and transforming input arguments.
2025-04-30 15:03:00,923 INFO:main.py:763:main_driver:Loading topology files.
2025-04-30 15:03:00,940 INFO:main.py:765:main_driver:Loading molecule: GYE.pdb
2025-04-30 15:03:00,940 INFO:main.py:770:main_driver:Setting up molecule.
2025-04-30 15:03:00,940 WARNING:biomolecule.py:992:create_residue:Unable to find amino or nucleic acid definition for GYE.  Parsing as new residue.
2025-04-30 15:03:00,941 INFO:main.py:408:setup_molecule:Created biomolecule object with 1 residues and 144 atoms.
2025-04-30 15:03:00,941 INFO:main.py:774:main_driver:Setting termini states for biomolecule chains.
2025-04-30 15:03:00,941 INFO:main.py:604:non_trivial:Loading forcefield.
2025-04-30 15:03:00,943 INFO:main.py:608:non_trivial:Loading hydrogen topology definitions.
2025-04-30 15:03:00,944 CRITICAL:main.py:800:main_driver:No biomolecule heavy atoms found and no ligand present. Unable to proceed.  You may also see this message if PDB2PQR does not have parameters for any residue in your biomolecule.
2025-04-30 15:03:00,944 CRITICAL:main.py:801:main_driver:Giving up.
2025-04-30 15:03:09,904 INFO:main.py:240:print_splash_screen:PDB2PQR v3.6.1: biomolecular structure conversion software.
2025-04-30 15:03:09,904 INFO:main.py:242:print_splash_screen:Please cite:  Jurrus E, et al.  Improvements to the APBS biomolecular solvation software suite.  Protein Sci 27 112-128 (2018).
2025-04-30 15:03:09,904 INFO:main.py:242:print_splash_screen:Please cite:  Dolinsky TJ, et al.  PDB2PQR: expanding and upgrading automated preparation of biomolecular structures for molecular simulations. Nucleic Acids Res 35 W522-W525 (2007).
2025-04-30 15:03:09,904 INFO:main.py:759:main_driver:Checking and transforming input arguments.
2025-04-30 15:03:09,904 INFO:main.py:763:main_driver:Loading topology files.
2025-04-30 15:03:09,922 INFO:main.py:765:main_driver:Loading molecule: GYE.pdb
2025-04-30 15:03:09,922 INFO:main.py:770:main_driver:Setting up molecule.
2025-04-30 15:03:09,923 WARNING:biomolecule.py:992:create_residue:Unable to find amino or nucleic acid definition for GYE.  Parsing as new residue.
2025-04-30 15:03:09,923 INFO:main.py:408:setup_molecule:Created biomolecule object with 1 residues and 144 atoms.
2025-04-30 15:03:09,923 INFO:main.py:774:main_driver:Setting termini states for biomolecule chains.
2025-04-30 15:03:09,923 INFO:main.py:604:non_trivial:Loading forcefield.
2025-04-30 15:03:09,925 INFO:main.py:608:non_trivial:Loading hydrogen topology definitions.
2025-04-30 15:03:09,926 CRITICAL:main.py:800:main_driver:No biomolecule heavy atoms found and no ligand present. Unable to proceed.  You may also see this message if PDB2PQR does not have parameters for any residue in your biomolecule.
2025-04-30 15:03:09,926 CRITICAL:main.py:801:main_driver:Giving up.
